roses are red
violets are blue
I love Nachos
and so do you
roses are red
violets are blue
I love Nachos
and so do you
roses are red
violets are blue
I love Nachos
and so do you
roses are red
violets are blue
I love Nachos
and so do you
roses are red
violets are blue
I love Nachos
and so do you
roses are red
violets are blue
I love Nachos
and so do you
roses are red
violets are blue
I love Nachos
and so do you
roses are red
violets are blue
I love Nachos
and so do you
roses are red
violets are blue
I love Nachos
and so do you
roses are red
violets are blue
I love Nachos
and so do you
roses are red
violets are blue
I love Nachos
and so do you
roses are red
violets are blue
I love Nachos
and so do you
roses are red
violets are blue
I love Nachos
and so do you
